// Jest Snapshot v1, https://goo.gl/fbAQLP

exports[`test a stateful component using snapshot 1`] = `ShallowWrapper {}`;
