// Jest Snapshot v1, https://goo.gl/fbAQLP

exports[`expect to render cardlist 1`] = `ShallowWrapper {}`;
