// Jest Snapshot v1, https://goo.gl/fbAQLP

exports[`expect to render scroll 1`] = `ShallowWrapper {}`;
