// Jest Snapshot v1, https://goo.gl/fbAQLP

exports[`expect to render searchbox 1`] = `ShallowWrapper {}`;
